// Jest Snapshot v1, https://goo.gl/fbAQLP

exports[`argument 1`] = `Map {}`;

exports[`layout 1`] = `[Function]`;
